Archive member included to satisfy reference by file (symbol)

c:/st/stm32cubeide_1.6.1/stm32cubeide/plugins/com.st.stm32cube.ide.mcu.externaltools.gnu-tools-for-stm32.9-2020-q2-update.win32_1.5.0.202011040924/tools/bin/../lib/gcc/arm-none-eabi/9.3.1/../../../../arm-none-eabi/lib/thumb/v7e-m+fp/hard\libc_nano.a(lib_a-errno.o)
                              Core/Src/syscalls.o (__errno)
c:/st/stm32cubeide_1.6.1/stm32cubeide/plugins/com.st.stm32cube.ide.mcu.externaltools.gnu-tools-for-stm32.9-2020-q2-update.win32_1.5.0.202011040924/tools/bin/../lib/gcc/arm-none-eabi/9.3.1/../../../../arm-none-eabi/lib/thumb/v7e-m+fp/hard\libc_nano.a(lib_a-exit.o)
                              c:/st/stm32cubeide_1.6.1/stm32cubeide/plugins/com.st.stm32cube.ide.mcu.externaltools.gnu-tools-for-stm32.9-2020-q2-update.win32_1.5.0.202011040924/tools/bin/../lib/gcc/arm-none-eabi/9.3.1/../../../../arm-none-eabi/lib/thumb/v7e-m+fp/hard/crt0.o (exit)
c:/st/stm32cubeide_1.6.1/stm32cubeide/plugins/com.st.stm32cube.ide.mcu.externaltools.gnu-tools-for-stm32.9-2020-q2-update.win32_1.5.0.202011040924/tools/bin/../lib/gcc/arm-none-eabi/9.3.1/../../../../arm-none-eabi/lib/thumb/v7e-m+fp/hard\libc_nano.a(lib_a-impure.o)
                              c:/st/stm32cubeide_1.6.1/stm32cubeide/plugins/com.st.stm32cube.ide.mcu.externaltools.gnu-tools-for-stm32.9-2020-q2-update.win32_1.5.0.202011040924/tools/bin/../lib/gcc/arm-none-eabi/9.3.1/../../../../arm-none-eabi/lib/thumb/v7e-m+fp/hard\libc_nano.a(lib_a-exit.o) (_global_impure_ptr)
c:/st/stm32cubeide_1.6.1/stm32cubeide/plugins/com.st.stm32cube.ide.mcu.externaltools.gnu-tools-for-stm32.9-2020-q2-update.win32_1.5.0.202011040924/tools/bin/../lib/gcc/arm-none-eabi/9.3.1/../../../../arm-none-eabi/lib/thumb/v7e-m+fp/hard\libc_nano.a(lib_a-init.o)
                              c:/st/stm32cubeide_1.6.1/stm32cubeide/plugins/com.st.stm32cube.ide.mcu.externaltools.gnu-tools-for-stm32.9-2020-q2-update.win32_1.5.0.202011040924/tools/bin/../lib/gcc/arm-none-eabi/9.3.1/../../../../arm-none-eabi/lib/thumb/v7e-m+fp/hard/crt0.o (__libc_init_array)
c:/st/stm32cubeide_1.6.1/stm32cubeide/plugins/com.st.stm32cube.ide.mcu.externaltools.gnu-tools-for-stm32.9-2020-q2-update.win32_1.5.0.202011040924/tools/bin/../lib/gcc/arm-none-eabi/9.3.1/../../../../arm-none-eabi/lib/thumb/v7e-m+fp/hard\libc_nano.a(lib_a-memset.o)
                              c:/st/stm32cubeide_1.6.1/stm32cubeide/plugins/com.st.stm32cube.ide.mcu.externaltools.gnu-tools-for-stm32.9-2020-q2-update.win32_1.5.0.202011040924/tools/bin/../lib/gcc/arm-none-eabi/9.3.1/../../../../arm-none-eabi/lib/thumb/v7e-m+fp/hard/crt0.o (memset)
c:/st/stm32cubeide_1.6.1/stm32cubeide/plugins/com.st.stm32cube.ide.mcu.externaltools.gnu-tools-for-stm32.9-2020-q2-update.win32_1.5.0.202011040924/tools/bin/../lib/gcc/arm-none-eabi/9.3.1/thumb/v7e-m+fp/hard\libgcc.a(_aeabi_uldivmod.o)
                              Drivers/STM32F4xx_HAL_Driver/Src/stm32f4xx_hal_rcc.o (__aeabi_uldivmod)
c:/st/stm32cubeide_1.6.1/stm32cubeide/plugins/com.st.stm32cube.ide.mcu.externaltools.gnu-tools-for-stm32.9-2020-q2-update.win32_1.5.0.202011040924/tools/bin/../lib/gcc/arm-none-eabi/9.3.1/thumb/v7e-m+fp/hard\libgcc.a(_udivmoddi4.o)
                              c:/st/stm32cubeide_1.6.1/stm32cubeide/plugins/com.st.stm32cube.ide.mcu.externaltools.gnu-tools-for-stm32.9-2020-q2-update.win32_1.5.0.202011040924/tools/bin/../lib/gcc/arm-none-eabi/9.3.1/thumb/v7e-m+fp/hard\libgcc.a(_aeabi_uldivmod.o) (__udivmoddi4)
c:/st/stm32cubeide_1.6.1/stm32cubeide/plugins/com.st.stm32cube.ide.mcu.externaltools.gnu-tools-for-stm32.9-2020-q2-update.win32_1.5.0.202011040924/tools/bin/../lib/gcc/arm-none-eabi/9.3.1/thumb/v7e-m+fp/hard\libgcc.a(_dvmd_tls.o)
                              c:/st/stm32cubeide_1.6.1/stm32cubeide/plugins/com.st.stm32cube.ide.mcu.externaltools.gnu-tools-for-stm32.9-2020-q2-update.win32_1.5.0.202011040924/tools/bin/../lib/gcc/arm-none-eabi/9.3.1/thumb/v7e-m+fp/hard\libgcc.a(_aeabi_uldivmod.o) (__aeabi_ldiv0)

Allocating common symbols
Common symbol       size              file

uwTick              0x4               Drivers/STM32F4xx_HAL_Driver/Src/stm32f4xx_hal.o
pFlash              0x20              Drivers/STM32F4xx_HAL_Driver/Src/stm32f4xx_hal_flash.o
hadc1               0x48              Core/Src/adc.o
buf1                0xf0              Core/Src/main.o
buf2                0xf0              Core/Src/main.o
hdma_adc1           0x60              Core/Src/adc.o
bufDMA              0x1e0             Core/Src/main.o
bufferRX            0x40              Core/Src/stm32f4xx_it.o
bufferTX            0x40              Core/Src/stm32f4xx_it.o

Discarded input sections

 .text          0x0000000000000000        0x0 c:/st/stm32cubeide_1.6.1/stm32cubeide/plugins/com.st.stm32cube.ide.mcu.externaltools.gnu-tools-for-stm32.9-2020-q2-update.win32_1.5.0.202011040924/tools/bin/../lib/gcc/arm-none-eabi/9.3.1/thumb/v7e-m+fp/hard/crti.o
[...]
Memory Configuration

Name             Origin             Length             Attributes
CCMRAM           0x0000000010000000 0x0000000000010000 xrw
RAM              0x0000000020000000 0x0000000000020000 xrw
FLASH            0x0000000008000000 0x0000000000100000 xr
*default*        0x0000000000000000 0xffffffffffffffff

Linker script and memory map

LOAD c:/st/stm32cubeide_1.6.1/stm32cubeide/plugins/com.st.stm32cube.ide.mcu.externaltools.gnu-tools-for-stm32.9-2020-q2-update.win32_1.5.0.202011040924/tools/bin/../lib/gcc/arm-none-eabi/9.3.1/thumb/v7e-m+fp/hard/crti.o
LOAD c:/st/stm32cubeide_1.6.1/stm32cubeide/plugins/com.st.stm32cube.ide.mcu.externaltools.gnu-tools-for-stm32.9-2020-q2-update.win32_1.5.0.202011040924/tools/bin/../lib/gcc/arm-none-eabi/9.3.1/thumb/v7e-m+fp/hard/crtbegin.o
LOAD c:/st/stm32cubeide_1.6.1/stm32cubeide/plugins/com.st.stm32cube.ide.mcu.externaltools.gnu-tools-for-stm32.9-2020-q2-update.win32_1.5.0.202011040924/tools/bin/../lib/gcc/arm-none-eabi/9.3.1/../../../../arm-none-eabi/lib/thumb/v7e-m+fp/hard/crt0.o
LOAD Core/Src/adc.o
LOAD Core/Src/dma.o
LOAD Core/Src/gpio.o
LOAD Core/Src/main.o
LOAD Core/Src/spi.o
LOAD Core/Src/stm32f4xx_hal_msp.o
LOAD Core/Src/stm32f4xx_it.o
LOAD Core/Src/syscalls.o
LOAD Core/Src/sysmem.o
LOAD Core/Src/system_stm32f4xx.o
LOAD Core/Startup/startup_stm32f407vgtx.o
LOAD Drivers/STM32F4xx_HAL_Driver/Src/stm32f4xx_hal.o
LOAD Drivers/STM32F4xx_HAL_Driver/Src/stm32f4xx_hal_adc.o
LOAD Drivers/STM32F4xx_HAL_Driver/Src/stm32f4xx_hal_adc_ex.o
LOAD Drivers/STM32F4xx_HAL_Driver/Src/stm32f4xx_hal_cortex.o
LOAD Drivers/STM32F4xx_HAL_Driver/Src/stm32f4xx_hal_dma.o
LOAD Drivers/STM32F4xx_HAL_Driver/Src/stm32f4xx_hal_dma_ex.o
LOAD Drivers/STM32F4xx_HAL_Driver/Src/stm32f4xx_hal_exti.o
LOAD Drivers/STM32F4xx_HAL_Driver/Src/stm32f4xx_hal_flash.o
LOAD Drivers/STM32F4xx_HAL_Driver/Src/stm32f4xx_hal_flash_ex.o
LOAD Drivers/STM32F4xx_HAL_Driver/Src/stm32f4xx_hal_flash_ramfunc.o
LOAD Drivers/STM32F4xx_HAL_Driver/Src/stm32f4xx_hal_gpio.o
LOAD Drivers/STM32F4xx_HAL_Driver/Src/stm32f4xx_hal_pwr.o
LOAD Drivers/STM32F4xx_HAL_Driver/Src/stm32f4xx_hal_pwr_ex.o
LOAD Drivers/STM32F4xx_HAL_Driver/Src/stm32f4xx_hal_rcc.o
LOAD Drivers/STM32F4xx_HAL_Driver/Src/stm32f4xx_hal_rcc_ex.o
LOAD Drivers/STM32F4xx_HAL_Driver/Src/stm32f4xx_hal_tim.o
LOAD Drivers/STM32F4xx_HAL_Driver/Src/stm32f4xx_hal_tim_ex.o
LOAD Drivers/STM32F4xx_HAL_Driver/Src/stm32f4xx_ll_adc.o
LOAD Drivers/STM32F4xx_HAL_Driver/Src/stm32f4xx_ll_dma.o
LOAD Drivers/STM32F4xx_HAL_Driver/Src/stm32f4xx_ll_exti.o
LOAD Drivers/STM32F4xx_HAL_Driver/Src/stm32f4xx_ll_gpio.o
LOAD Drivers/STM32F4xx_HAL_Driver/Src/stm32f4xx_ll_rcc.o
LOAD Drivers/STM32F4xx_HAL_Driver/Src/stm32f4xx_ll_spi.o
LOAD Drivers/STM32F4xx_HAL_Driver/Src/stm32f4xx_ll_utils.o
START GROUP
LOAD c:/st/stm32cubeide_1.6.1/stm32cubeide/plugins/com.st.stm32cube.ide.mcu.externaltools.gnu-tools-for-stm32.9-2020-q2-update.win32_1.5.0.202011040924/tools/bin/../lib/gcc/arm-none-eabi/9.3.1/../../../../arm-none-eabi/lib/thumb/v7e-m+fp/hard\libc_nano.a
LOAD c:/st/stm32cubeide_1.6.1/stm32cubeide/plugins/com.st.stm32cube.ide.mcu.externaltools.gnu-tools-for-stm32.9-2020-q2-update.win32_1.5.0.202011040924/tools/bin/../lib/gcc/arm-none-eabi/9.3.1/../../../../arm-none-eabi/lib/thumb/v7e-m+fp/hard\libm.a
END GROUP
START GROUP
LOAD c:/st/stm32cubeide_1.6.1/stm32cubeide/plugins/com.st.stm32cube.ide.mcu.externaltools.gnu-tools-for-stm32.9-2020-q2-update.win32_1.5.0.202011040924/tools/bin/../lib/gcc/arm-none-eabi/9.3.1/thumb/v7e-m+fp/hard\libgcc.a
LOAD c:/st/stm32cubeide_1.6.1/stm32cubeide/plugins/com.st.stm32cube.ide.mcu.externaltools.gnu-tools-for-stm32.9-2020-q2-update.win32_1.5.0.202011040924/tools/bin/../lib/gcc/arm-none-eabi/9.3.1/../../../../arm-none-eabi/lib/thumb/v7e-m+fp/hard\libc_nano.a
END GROUP
START GROUP
LOAD c:/st/stm32cubeide_1.6.1/stm32cubeide/plugins/com.st.stm32cube.ide.mcu.externaltools.gnu-tools-for-stm32.9-2020-q2-update.win32_1.5.0.202011040924/tools/bin/../lib/gcc/arm-none-eabi/9.3.1/thumb/v7e-m+fp/hard\libgcc.a
LOAD c:/st/stm32cubeide_1.6.1/stm32cubeide/plugins/com.st.stm32cube.ide.mcu.externaltools.gnu-tools-for-stm32.9-2020-q2-update.win32_1.5.0.202011040924/tools/bin/../lib/gcc/arm-none-eabi/9.3.1/../../../../arm-none-eabi/lib/thumb/v7e-m+fp/hard\libc_nano.a
LOAD c:/st/stm32cubeide_1.6.1/stm32cubeide/plugins/com.st.stm32cube.ide.mcu.externaltools.gnu-tools-for-stm32.9-2020-q2-update.win32_1.5.0.202011040924/tools/bin/../lib/gcc/arm-none-eabi/9.3.1/../../../../arm-none-eabi/lib/thumb/v7e-m+fp/hard\libnosys.a
END GROUP
START GROUP
LOAD c:/st/stm32cubeide_1.6.1/stm32cubeide/plugins/com.st.stm32cube.ide.mcu.externaltools.gnu-tools-for-stm32.9-2020-q2-update.win32_1.5.0.202011040924/tools/bin/../lib/gcc/arm-none-eabi/9.3.1/thumb/v7e-m+fp/hard\libgcc.a
LOAD c:/st/stm32cubeide_1.6.1/stm32cubeide/plugins/com.st.stm32cube.ide.mcu.externaltools.gnu-tools-for-stm32.9-2020-q2-update.win32_1.5.0.202011040924/tools/bin/../lib/gcc/arm-none-eabi/9.3.1/../../../../arm-none-eabi/lib/thumb/v7e-m+fp/hard\libc_nano.a
LOAD c:/st/stm32cubeide_1.6.1/stm32cubeide/plugins/com.st.stm32cube.ide.mcu.externaltools.gnu-tools-for-stm32.9-2020-q2-update.win32_1.5.0.202011040924/tools/bin/../lib/gcc/arm-none-eabi/9.3.1/../../../../arm-none-eabi/lib/thumb/v7e-m+fp/hard\libnosys.a
END GROUP
LOAD c:/st/stm32cubeide_1.6.1/stm32cubeide/plugins/com.st.stm32cube.ide.mcu.externaltools.gnu-tools-for-stm32.9-2020-q2-update.win32_1.5.0.202011040924/tools/bin/../lib/gcc/arm-none-eabi/9.3.1/thumb/v7e-m+fp/hard/crtend.o
LOAD c:/st/stm32cubeide_1.6.1/stm32cubeide/plugins/com.st.stm32cube.ide.mcu.externaltools.gnu-tools-for-stm32.9-2020-q2-update.win32_1.5.0.202011040924/tools/bin/../lib/gcc/arm-none-eabi/9.3.1/thumb/v7e-m+fp/hard/crtn.o
                0x0000000020020000                _estack = (ORIGIN (RAM) + LENGTH (RAM))
                0x0000000000000200                _Min_Heap_Size = 0x200
                0x0000000000000400                _Min_Stack_Size = 0x400

.isr_vector     0x0000000008000000      0x188
                0x0000000008000000                . = ALIGN (0x4)
 *(.isr_vector)
 .isr_vector    0x0000000008000000      0x188 Core/Startup/startup_stm32f407vgtx.o
                0x0000000008000000                g_pfnVectors
                0x0000000008000188                . = ALIGN (0x4)

.text           0x0000000008000188     0x2dbc
                0x0000000008000188                . = ALIGN (0x4)
 *(.text)
 .text          0x0000000008000188       0x40 c:/st/stm32cubeide_1.6.1/stm32cubeide/plugins/com.st.stm32cube.ide.mcu.externaltools.gnu-tools-for-stm32.9-2020-q2-update.win32_1.5.0.202011040924/tools/bin/../lib/gcc/arm-none-eabi/9.3.1/thumb/v7e-m+fp/hard/crtbegin.o
 .text          0x00000000080001c8       0x30 c:/st/stm32cubeide_1.6.1/stm32cubeide/plugins/com.st.stm32cube.ide.mcu.externaltools.gnu-tools-for-stm32.9-2020-q2-update.win32_1.5.0.202011040924/tools/bin/../lib/gcc/arm-none-eabi/9.3.1/thumb/v7e-m+fp/hard\libgcc.a(_aeabi_uldivmod.o)
                0x00000000080001c8                __aeabi_uldivmod
 .text          0x00000000080001f8      0x2c4 c:/st/stm32cubeide_1.6.1/stm32cubeide/plugins/com.st.stm32cube.ide.mcu.externaltools.gnu-tools-for-stm32.9-2020-q2-update.win32_1.5.0.202011040924/tools/bin/../lib/gcc/arm-none-eabi/9.3.1/thumb/v7e-m+fp/hard\libgcc.a(_udivmoddi4.o)
                0x00000000080001f8                __udivmoddi4
 .text          0x00000000080004bc        0x4 c:/st/stm32cubeide_1.6.1/stm32cubeide/plugins/com.st.stm32cube.ide.mcu.externaltools.gnu-tools-for-stm32.9-2020-q2-update.win32_1.5.0.202011040924/tools/bin/../lib/gcc/arm-none-eabi/9.3.1/thumb/v7e-m+fp/hard\libgcc.a(_dvmd_tls.o)
                0x00000000080004bc                __aeabi_idiv0
                0x00000000080004bc                __aeabi_ldiv0
 *(.text*)
 .text.MX_ADC1_Init
                0x00000000080004c0       0xa8 Core/Src/adc.o
                0x00000000080004c0                MX_ADC1_Init
 .text.HAL_ADC_MspInit
                0x0000000008000568       0xa4 Core/Src/adc.o
                0x0000000008000568                HAL_ADC_MspInit
 .text.MX_DMA_Init
                0x000000000800060c       0x40 Core/Src/dma.o
                0x000000000800060c                MX_DMA_Init
 .text.LL_GPIO_ResetOutputPin
                0x000000000800064c       0x1e Core/Src/gpio.o
 *fill*         0x000000000800066a        0x2 
 .text.LL_AHB1_GRP1_EnableClock
                0x000000000800066c       0x30 Core/Src/gpio.o
 .text.MX_GPIO_Init
                0x000000000800069c       0x6c Core/Src/gpio.o
                0x000000000800069c                MX_GPIO_Init
 .text.LL_SPI_Enable
                0x0000000008000708       0x20 Core/Src/main.o
 .text.LL_SPI_EnableIT_RXNE
                0x0000000008000728       0x20 Core/Src/main.o
 .text.main     0x0000000008000748       0xb0 Core/Src/main.o
                0x0000000008000748                main
 .text.SystemClock_Config
                0x00000000080007f8       0xd4 Core/Src/main.o
                0x00000000080007f8                SystemClock_Config
 .text.window_builder
                0x00000000080008cc       0x84 Core/Src/main.o
                0x00000000080008cc                window_builder
 .text.HAL_ADC_ConvHalfCpltCallback
                0x0000000008000950       0x34 Core/Src/main.o
                0x0000000008000950                HAL_ADC_ConvHalfCpltCallback
 .text.HAL_ADC_ConvCpltCallback
                0x0000000008000984       0x34 Core/Src/main.o
                0x0000000008000984                HAL_ADC_ConvCpltCallback
 .text.Error_Handler
                0x00000000080009b8        0xa Core/Src/main.o
                0x00000000080009b8                Error_Handler
 *fill*         0x00000000080009c2        0x2 
 .text.__NVIC_GetPriorityGrouping
                0x00000000080009c4       0x1c Core/Src/spi.o
 .text.__NVIC_EnableIRQ
                0x00000000080009e0       0x3c Core/Src/spi.o
 .text.__NVIC_SetPriority
                0x0000000008000a1c       0x54 Core/Src/spi.o
 .text.NVIC_EncodePriority
                0x0000000008000a70       0x66 Core/Src/spi.o
 .text.LL_SPI_SetStandard
                0x0000000008000ad6       0x26 Core/Src/spi.o
 .text.LL_AHB1_GRP1_EnableClock
                0x0000000008000afc       0x30 Core/Src/spi.o
 .text.LL_APB1_GRP1_EnableClock
                0x0000000008000b2c       0x30 Core/Src/spi.o
 .text.MX_SPI2_Init
                0x0000000008000b5c       0xc0 Core/Src/spi.o
                0x0000000008000b5c                MX_SPI2_Init
 .text.HAL_MspInit
                0x0000000008000c1c       0x50 Core/Src/stm32f4xx_hal_msp.o
                0x0000000008000c1c                HAL_MspInit
 .text.LL_SPI_IsActiveFlag_RXNE
                0x0000000008000c6c       0x26 Core/Src/stm32f4xx_it.o
 .text.LL_SPI_IsActiveFlag_TXE
                0x0000000008000c92       0x26 Core/Src/stm32f4xx_it.o
 .text.LL_SPI_EnableIT_RXNE
                0x0000000008000cb8       0x20 Core/Src/stm32f4xx_it.o
 .text.LL_SPI_EnableIT_TXE
                0x0000000008000cd8       0x20 Core/Src/stm32f4xx_it.o
 .text.LL_SPI_DisableIT_RXNE
                0x0000000008000cf8       0x20 Core/Src/stm32f4xx_it.o
 .text.LL_SPI_DisableIT_TXE
                0x0000000008000d18       0x20 Core/Src/stm32f4xx_it.o
 .text.LL_SPI_IsEnabledIT_TXE
                0x0000000008000d38       0x26 Core/Src/stm32f4xx_it.o
 .text.LL_SPI_ReceiveData8
                0x0000000008000d5e       0x1a Core/Src/stm32f4xx_it.o
 .text.LL_SPI_TransmitData8
                0x0000000008000d78       0x24 Core/Src/stm32f4xx_it.o
 .text.NMI_Handler
                0x0000000008000d9c        0x6 Core/Src/stm32f4xx_it.o
                0x0000000008000d9c                NMI_Handler
 .text.HardFault_Handler
                0x0000000008000da2        0x6 Core/Src/stm32f4xx_it.o
                0x0000000008000da2                HardFault_Handler
 .text.MemManage_Handler
                0x0000000008000da8        0x6 Core/Src/stm32f4xx_it.o
                0x0000000008000da8                MemManage_Handler
 .text.BusFault_Handler
                0x0000000008000dae        0x6 Core/Src/stm32f4xx_it.o
                0x0000000008000dae                BusFault_Handler
 .text.UsageFault_Handler
                0x0000000008000db4        0x6 Core/Src/stm32f4xx_it.o
                0x0000000008000db4                UsageFault_Handler
 .text.SVC_Handler
                0x0000000008000dba        0xe Core/Src/stm32f4xx_it.o
                0x0000000008000dba                SVC_Handler
 .text.DebugMon_Handler
                0x0000000008000dc8        0xe Core/Src/stm32f4xx_it.o
                0x0000000008000dc8                DebugMon_Handler
 .text.PendSV_Handler
                0x0000000008000dd6        0xe Core/Src/stm32f4xx_it.o
                0x0000000008000dd6                PendSV_Handler
 .text.SysTick_Handler
                0x0000000008000de4       0x5c Core/Src/stm32f4xx_it.o
                0x0000000008000de4                SysTick_Handler
 .text.SPI2_IRQHandler
                0x0000000008000e40      0x144 Core/Src/stm32f4xx_it.o
                0x0000000008000e40                SPI2_IRQHandler
 .text.DMA2_Stream0_IRQHandler
                0x0000000008000f84       0x14 Core/Src/stm32f4xx_it.o
                0x0000000008000f84                DMA2_Stream0_IRQHandler
 .text.SystemInit
                0x0000000008000f98       0x2c Core/Src/system_stm32f4xx.o
                0x0000000008000f98                SystemInit
 .text.Reset_Handler
                0x0000000008000fc4       0x50 Core/Startup/startup_stm32f407vgtx.o
                0x0000000008000fc4                Reset_Handler
 .text.Default_Handler
                0x0000000008001014        0x2 Core/Startup/startup_stm32f407vgtx.o
                0x0000000008001014                RTC_Alarm_IRQHandler
                0x0000000008001014                HASH_RNG_IRQHandler
                0x0000000008001014                EXTI2_IRQHandler
                0x0000000008001014                TIM8_CC_IRQHandler
                0x0000000008001014                TIM1_CC_IRQHandler
                0x0000000008001014                DMA2_Stream5_IRQHandler
                0x0000000008001014                DMA1_Stream5_IRQHandler
                0x0000000008001014                PVD_IRQHandler
                0x0000000008001014                SDIO_IRQHandler
                0x0000000008001014                TAMP_STAMP_IRQHandler
                0x0000000008001014                CAN2_RX1_IRQHandler
                0x0000000008001014                EXTI3_IRQHandler
                0x0000000008001014                TIM8_TRG_COM_TIM14_IRQHandler
                0x0000000008001014                TIM1_UP_TIM10_IRQHandler
                0x0000000008001014                TIM8_UP_TIM13_IRQHandler
                0x0000000008001014                I2C3_ER_IRQHandler
                0x0000000008001014                EXTI0_IRQHandler
                0x0000000008001014                I2C2_EV_IRQHandler
                0x0000000008001014                DMA1_Stream2_IRQHandler
                0x0000000008001014                CAN1_RX0_IRQHandler
                0x0000000008001014                FPU_IRQHandler
                0x0000000008001014                OTG_HS_WKUP_IRQHandler
                0x0000000008001014                CAN2_SCE_IRQHandler
                0x0000000008001014                DMA2_Stream2_IRQHandler
                0x0000000008001014                SPI1_IRQHandler
                0x0000000008001014                TIM6_DAC_IRQHandler
                0x0000000008001014                TIM1_BRK_TIM9_IRQHandler
                0x0000000008001014                DCMI_IRQHandler
                0x0000000008001014                CAN2_RX0_IRQHandler
                0x0000000008001014                DMA2_Stream3_IRQHandler
                0x0000000008001014                USART6_IRQHandler
                0x0000000008001014                USART3_IRQHandler
                0x0000000008001014                CAN1_RX1_IRQHandler
                0x0000000008001014                UART5_IRQHandler
                0x0000000008001014                TIM4_IRQHandler
                0x0000000008001014                I2C1_EV_IRQHandler
                0x0000000008001014                DMA1_Stream6_IRQHandler
                0x0000000008001014                DMA1_Stream1_IRQHandler
                0x0000000008001014                UART4_IRQHandler
                0x0000000008001014                TIM3_IRQHandler
                0x0000000008001014                RCC_IRQHandler
                0x0000000008001014                TIM8_BRK_TIM12_IRQHandler
                0x0000000008001014                Default_Handler
                0x0000000008001014                EXTI15_10_IRQHandler
                0x0000000008001014                ADC_IRQHandler
                0x0000000008001014                DMA1_Stream7_IRQHandler
                0x0000000008001014                TIM7_IRQHandler
                0x0000000008001014                CAN2_TX_IRQHandler
                0x0000000008001014                TIM5_IRQHandler
                0x0000000008001014                DMA2_Stream7_IRQHandler
                0x0000000008001014                I2C3_EV_IRQHandler
                0x0000000008001014                EXTI9_5_IRQHandler
                0x0000000008001014                RTC_WKUP_IRQHandler
                0x0000000008001014                ETH_WKUP_IRQHandler
                0x0000000008001014                OTG_HS_EP1_IN_IRQHandler
                0x0000000008001014                DMA1_Stream0_IRQHandler
                0x0000000008001014                CAN1_TX_IRQHandler
                0x0000000008001014                EXTI4_IRQHandler
                0x0000000008001014                FSMC_IRQHandler
                0x0000000008001014                ETH_IRQHandler
                0x0000000008001014                OTG_HS_EP1_OUT_IRQHandler
                0x0000000008001014                WWDG_IRQHandler
                0x0000000008001014                TIM2_IRQHandler
                0x0000000008001014                OTG_FS_WKUP_IRQHandler
                0x0000000008001014                TIM1_TRG_COM_TIM11_IRQHandler
                0x0000000008001014                OTG_HS_IRQHandler
                0x0000000008001014                EXTI1_IRQHandler
                0x0000000008001014                USART2_IRQHandler
                0x0000000008001014                I2C2_ER_IRQHandler
                0x0000000008001014                DMA2_Stream1_IRQHandler
                0x0000000008001014                CAN1_SCE_IRQHandler
                0x0000000008001014                FLASH_IRQHandler
                0x0000000008001014                DMA2_Stream4_IRQHandler
                0x0000000008001014                USART1_IRQHandler
                0x0000000008001014                OTG_FS_IRQHandler
                0x0000000008001014                SPI3_IRQHandler
                0x0000000008001014                DMA1_Stream4_IRQHandler
                0x0000000008001014                I2C1_ER_IRQHandler
                0x0000000008001014                DMA2_Stream6_IRQHandler
                0x0000000008001014                DMA1_Stream3_IRQHandler
 *fill*         0x0000000008001016        0x2 
 .text.HAL_Init
                0x0000000008001018       0x44 Drivers/STM32F4xx_HAL_Driver/Src/stm32f4xx_hal.o
                0x0000000008001018                HAL_Init
 .text.HAL_InitTick
                0x000000000800105c       0x60 Drivers/STM32F4xx_HAL_Driver/Src/stm32f4xx_hal.o
                0x000000000800105c                HAL_InitTick
 .text.HAL_IncTick
                0x00000000080010bc       0x28 Drivers/STM32F4xx_HAL_Driver/Src/stm32f4xx_hal.o
                0x00000000080010bc                HAL_IncTick
 .text.HAL_GetTick
                0x00000000080010e4       0x18 Drivers/STM32F4xx_HAL_Driver/Src/stm32f4xx_hal.o
                0x00000000080010e4                HAL_GetTick
 .text.HAL_Delay
                0x00000000080010fc       0x48 Drivers/STM32F4xx_HAL_Driver/Src/stm32f4xx_hal.o
                0x00000000080010fc                HAL_Delay
 .text.HAL_ADC_Init
                0x0000000008001144       0x86 Drivers/STM32F4xx_HAL_Driver/Src/stm32f4xx_hal_adc.o
                0x0000000008001144                HAL_ADC_Init
 *fill*         0x00000000080011ca        0x2 
 .text.HAL_ADC_Start_DMA
                0x00000000080011cc      0x220 Drivers/STM32F4xx_HAL_Driver/Src/stm32f4xx_hal_adc.o
                0x00000000080011cc                HAL_ADC_Start_DMA
 .text.HAL_ADC_ErrorCallback
                0x00000000080013ec       0x14 Drivers/STM32F4xx_HAL_Driver/Src/stm32f4xx_hal_adc.o
                0x00000000080013ec                HAL_ADC_ErrorCallback
 .text.HAL_ADC_ConfigChannel
                0x0000000008001400      0x244 Drivers/STM32F4xx_HAL_Driver/Src/stm32f4xx_hal_adc.o
                0x0000000008001400                HAL_ADC_ConfigChannel
 .text.ADC_Init
                0x0000000008001644      0x1f8 Drivers/STM32F4xx_HAL_Driver/Src/stm32f4xx_hal_adc.o
 .text.ADC_DMAConvCplt
                0x000000000800183c       0xba Drivers/STM32F4xx_HAL_Driver/Src/stm32f4xx_hal_adc.o
 .text.ADC_DMAHalfConvCplt
                0x00000000080018f6       0x1c Drivers/STM32F4xx_HAL_Driver/Src/stm32f4xx_hal_adc.o
 .text.ADC_DMAError
                0x0000000008001912       0x2e Drivers/STM32F4xx_HAL_Driver/Src/stm32f4xx_hal_adc.o
 .text.__NVIC_SetPriorityGrouping
                0x0000000008001940       0x48 Drivers/STM32F4xx_HAL_Driver/Src/stm32f4xx_hal_cortex.o
 .text.__NVIC_GetPriorityGrouping
                0x0000000008001988       0x1c Drivers/STM32F4xx_HAL_Driver/Src/stm32f4xx_hal_cortex.o
 .text.__NVIC_EnableIRQ
                0x00000000080019a4       0x3c Drivers/STM32F4xx_HAL_Driver/Src/stm32f4xx_hal_cortex.o
 .text.__NVIC_SetPriority
                0x00000000080019e0       0x54 Drivers/STM32F4xx_HAL_Driver/Src/stm32f4xx_hal_cortex.o
 .text.NVIC_EncodePriority
                0x0000000008001a34       0x66 Drivers/STM32F4xx_HAL_Driver/Src/stm32f4xx_hal_cortex.o
 *fill*         0x0000000008001a9a        0x2 
 .text.SysTick_Config
                0x0000000008001a9c       0x44 Drivers/STM32F4xx_HAL_Driver/Src/stm32f4xx_hal_cortex.o
 .text.HAL_NVIC_SetPriorityGrouping
                0x0000000008001ae0       0x16 Drivers/STM32F4xx_HAL_Driver/Src/stm32f4xx_hal_cortex.o
                0x0000000008001ae0                HAL_NVIC_SetPriorityGrouping
 .text.HAL_NVIC_SetPriority
                0x0000000008001af6       0x38 Drivers/STM32F4xx_HAL_Driver/Src/stm32f4xx_hal_cortex.o
                0x0000000008001af6                HAL_NVIC_SetPriority
 .text.HAL_NVIC_EnableIRQ
                0x0000000008001b2e       0x1c Drivers/STM32F4xx_HAL_Driver/Src/stm32f4xx_hal_cortex.o
                0x0000000008001b2e                HAL_NVIC_EnableIRQ
 .text.HAL_SYSTICK_Config
                0x0000000008001b4a       0x18 Drivers/STM32F4xx_HAL_Driver/Src/stm32f4xx_hal_cortex.o
                0x0000000008001b4a                HAL_SYSTICK_Config
 *fill*         0x0000000008001b62        0x2 
 .text.HAL_DMA_Init
                0x0000000008001b64      0x15c Drivers/STM32F4xx_HAL_Driver/Src/stm32f4xx_hal_dma.o
                0x0000000008001b64                HAL_DMA_Init
 .text.HAL_DMA_Start_IT
                0x0000000008001cc0       0xb0 Drivers/STM32F4xx_HAL_Driver/Src/stm32f4xx_hal_dma.o
                0x0000000008001cc0                HAL_DMA_Start_IT
 .text.HAL_DMA_IRQHandler
                0x0000000008001d70      0x314 Drivers/STM32F4xx_HAL_Driver/Src/stm32f4xx_hal_dma.o
                0x0000000008001d70                HAL_DMA_IRQHandler
 .text.DMA_SetConfig
                0x0000000008002084       0x5c Drivers/STM32F4xx_HAL_Driver/Src/stm32f4xx_hal_dma.o
 .text.DMA_CalcBaseAndBitshift
                0x00000000080020e0       0x6c Drivers/STM32F4xx_HAL_Driver/Src/stm32f4xx_hal_dma.o
 .text.DMA_CheckFifoParam
                0x000000000800214c       0xf8 Drivers/STM32F4xx_HAL_Driver/Src/stm32f4xx_hal_dma.o
 .text.HAL_GPIO_TogglePin
                0x0000000008002244       0x34 Drivers/STM32F4xx_HAL_Driver/Src/stm32f4xx_hal_gpio.o
                0x0000000008002244                HAL_GPIO_TogglePin
 .text.HAL_RCC_OscConfig
                0x0000000008002278      0x4f0 Drivers/STM32F4xx_HAL_Driver/Src/stm32f4xx_hal_rcc.o
                0x0000000008002278                HAL_RCC_OscConfig
 .text.HAL_RCC_ClockConfig
                0x0000000008002768      0x1cc Drivers/STM32F4xx_HAL_Driver/Src/stm32f4xx_hal_rcc.o
                0x0000000008002768                HAL_RCC_ClockConfig
 .text.HAL_RCC_GetSysClockFreq
                0x0000000008002934      0x1c4 Drivers/STM32F4xx_HAL_Driver/Src/stm32f4xx_hal_rcc.o
                0x0000000008002934                HAL_RCC_GetSysClockFreq
 .text.LL_GPIO_SetPinMode
                0x0000000008002af8       0x5e Drivers/STM32F4xx_HAL_Driver/Src/stm32f4xx_ll_gpio.o
 .text.LL_GPIO_SetPinOutputType
                0x0000000008002b56       0x30 Drivers/STM32F4xx_HAL_Driver/Src/stm32f4xx_ll_gpio.o
 .text.LL_GPIO_SetPinSpeed
                0x0000000008002b86       0x5e Drivers/STM32F4xx_HAL_Driver/Src/stm32f4xx_ll_gpio.o
 .text.LL_GPIO_SetPinPull
                0x0000000008002be4       0x5e Drivers/STM32F4xx_HAL_Driver/Src/stm32f4xx_ll_gpio.o
 .text.LL_GPIO_SetAFPin_0_7
                0x0000000008002c42       0x5e Drivers/STM32F4xx_HAL_Driver/Src/stm32f4xx_ll_gpio.o
 .text.LL_GPIO_SetAFPin_8_15
                0x0000000008002ca0       0x62 Drivers/STM32F4xx_HAL_Driver/Src/stm32f4xx_ll_gpio.o
 .text.LL_GPIO_Init
                0x0000000008002d02       0xe6 Drivers/STM32F4xx_HAL_Driver/Src/stm32f4xx_ll_gpio.o
                0x0000000008002d02                LL_GPIO_Init
 .text.LL_SPI_IsEnabled
                0x0000000008002de8       0x26 Drivers/STM32F4xx_HAL_Driver/Src/stm32f4xx_ll_spi.o
 .text.LL_SPI_SetCRCPolynomial
                0x0000000008002e0e       0x20 Drivers/STM32F4xx_HAL_Driver/Src/stm32f4xx_ll_spi.o
 .text.LL_SPI_Init
                0x0000000008002e2e       0xa4 Drivers/STM32F4xx_HAL_Driver/Src/stm32f4xx_ll_spi.o
                0x0000000008002e2e                LL_SPI_Init
 *fill*         0x0000000008002ed2        0x2 
 .text.__libc_init_array
                0x0000000008002ed4       0x48 c:/st/stm32cubeide_1.6.1/stm32cubeide/plugins/com.st.stm32cube.ide.mcu.externaltools.gnu-tools-for-stm32.9-2020-q2-update.win32_1.5.0.202011040924/tools/bin/../lib/gcc/arm-none-eabi/9.3.1/../../../../arm-none-eabi/lib/thumb/v7e-m+fp/hard\libc_nano.a(lib_a-init.o)
                0x0000000008002ed4                __libc_init_array
 .text.memset   0x0000000008002f1c       0x10 c:/st/stm32cubeide_1.6.1/stm32cubeide/plugins/com.st.stm32cube.ide.mcu.externaltools.gnu-tools-for-stm32.9-2020-q2-update.win32_1.5.0.202011040924/tools/bin/../lib/gcc/arm-none-eabi/9.3.1/../../../../arm-none-eabi/lib/thumb/v7e-m+fp/hard\libc_nano.a(lib_a-memset.o)
                0x0000000008002f1c                memset
 *(.glue_7)
 .glue_7        0x0000000008002f2c        0x0 linker stubs
 *(.glue_7t)
 .glue_7t       0x0000000008002f2c        0x0 linker stubs
 *(.eh_frame)
 .eh_frame      0x0000000008002f2c        0x0 c:/st/stm32cubeide_1.6.1/stm32cubeide/plugins/com.st.stm32cube.ide.mcu.externaltools.gnu-tools-for-stm32.9-2020-q2-update.win32_1.5.0.202011040924/tools/bin/../lib/gcc/arm-none-eabi/9.3.1/thumb/v7e-m+fp/hard/crtbegin.o
 *(.init)
 .init          0x0000000008002f2c        0x4 c:/st/stm32cubeide_1.6.1/stm32cubeide/plugins/com.st.stm32cube.ide.mcu.externaltools.gnu-tools-for-stm32.9-2020-q2-update.win32_1.5.0.202011040924/tools/bin/../lib/gcc/arm-none-eabi/9.3.1/thumb/v7e-m+fp/hard/crti.o
                0x0000000008002f2c                _init
 .init          0x0000000008002f30        0x8 c:/st/stm32cubeide_1.6.1/stm32cubeide/plugins/com.st.stm32cube.ide.mcu.externaltools.gnu-tools-for-stm32.9-2020-q2-update.win32_1.5.0.202011040924/tools/bin/../lib/gcc/arm-none-eabi/9.3.1/thumb/v7e-m+fp/hard/crtn.o
 *(.fini)
 .fini          0x0000000008002f38        0x4 c:/st/stm32cubeide_1.6.1/stm32cubeide/plugins/com.st.stm32cube.ide.mcu.externaltools.gnu-tools-for-stm32.9-2020-q2-update.win32_1.5.0.202011040924/tools/bin/../lib/gcc/arm-none-eabi/9.3.1/thumb/v7e-m+fp/hard/crti.o
                0x0000000008002f38                _fini
 .fini          0x0000000008002f3c        0x8 c:/st/stm32cubeide_1.6.1/stm32cubeide/plugins/com.st.stm32cube.ide.mcu.externaltools.gnu-tools-for-stm32.9-2020-q2-update.win32_1.5.0.202011040924/tools/bin/../lib/gcc/arm-none-eabi/9.3.1/thumb/v7e-m+fp/hard/crtn.o
                0x0000000008002f44                . = ALIGN (0x4)
                0x0000000008002f44                _etext = .

.vfp11_veneer   0x0000000008002f44        0x0
 .vfp11_veneer  0x0000000008002f44        0x0 linker stubs

.v4_bx          0x0000000008002f44        0x0
 .v4_bx         0x0000000008002f44        0x0 linker stubs

.iplt           0x0000000008002f44        0x0
 .iplt          0x0000000008002f44        0x0 c:/st/stm32cubeide_1.6.1/stm32cubeide/plugins/com.st.stm32cube.ide.mcu.externaltools.gnu-tools-for-stm32.9-2020-q2-update.win32_1.5.0.202011040924/tools/bin/../lib/gcc/arm-none-eabi/9.3.1/thumb/v7e-m+fp/hard/crtbegin.o

.rodata         0x0000000008002f44       0x18
                0x0000000008002f44                . = ALIGN (0x4)
 *(.rodata)
 *(.rodata*)
 .rodata.AHBPrescTable
                0x0000000008002f44       0x10 Core/Src/system_stm32f4xx.o
                0x0000000008002f44                AHBPrescTable
 .rodata.flagBitshiftOffset.8188
                0x0000000008002f54        0x8 Drivers/STM32F4xx_HAL_Driver/Src/stm32f4xx_hal_dma.o
                0x0000000008002f5c                . = ALIGN (0x4)

.ARM.extab      0x0000000008002f5c        0x0
                0x0000000008002f5c                . = ALIGN (0x4)
 *(.ARM.extab* .gnu.linkonce.armextab.*)
                0x0000000008002f5c                . = ALIGN (0x4)

.ARM            0x0000000008002f5c        0x8
                0x0000000008002f5c                . = ALIGN (0x4)
                0x0000000008002f5c                __exidx_start = .
 *(.ARM.exidx*)
 .ARM.exidx     0x0000000008002f5c        0x8 c:/st/stm32cubeide_1.6.1/stm32cubeide/plugins/com.st.stm32cube.ide.mcu.externaltools.gnu-tools-for-stm32.9-2020-q2-update.win32_1.5.0.202011040924/tools/bin/../lib/gcc/arm-none-eabi/9.3.1/thumb/v7e-m+fp/hard\libgcc.a(_udivmoddi4.o)
                0x0000000008002f64                __exidx_end = .
                0x0000000008002f64                . = ALIGN (0x4)

.rel.dyn        0x0000000008002f64        0x0
 .rel.iplt      0x0000000008002f64        0x0 c:/st/stm32cubeide_1.6.1/stm32cubeide/plugins/com.st.stm32cube.ide.mcu.externaltools.gnu-tools-for-stm32.9-2020-q2-update.win32_1.5.0.202011040924/tools/bin/../lib/gcc/arm-none-eabi/9.3.1/thumb/v7e-m+fp/hard/crtbegin.o

.preinit_array  0x0000000008002f64        0x0
                0x0000000008002f64                . = ALIGN (0x4)
                0x0000000008002f64                PROVIDE (__preinit_array_start = .)
 *(.preinit_array*)
                0x0000000008002f64                PROVIDE (__preinit_array_end = .)
                0x0000000008002f64                . = ALIGN (0x4)

.init_array     0x0000000008002f64        0x4
                0x0000000008002f64                . = ALIGN (0x4)
                0x0000000008002f64                PROVIDE (__init_array_start = .)
 *(SORT_BY_NAME(.init_array.*))
 *(.init_array*)
 .init_array    0x0000000008002f64        0x4 c:/st/stm32cubeide_1.6.1/stm32cubeide/plugins/com.st.stm32cube.ide.mcu.externaltools.gnu-tools-for-stm32.9-2020-q2-update.win32_1.5.0.202011040924/tools/bin/../lib/gcc/arm-none-eabi/9.3.1/thumb/v7e-m+fp/hard/crtbegin.o
                0x0000000008002f68                PROVIDE (__init_array_end = .)
                0x0000000008002f68                . = ALIGN (0x4)

.fini_array     0x0000000008002f68        0x4
                0x0000000008002f68                . = ALIGN (0x4)
                [!provide]                        PROVIDE (__fini_array_start = .)
 *(SORT_BY_NAME(.fini_array.*))
 *(.fini_array*)
 .fini_array    0x0000000008002f68        0x4 c:/st/stm32cubeide_1.6.1/stm32cubeide/plugins/com.st.stm32cube.ide.mcu.externaltools.gnu-tools-for-stm32.9-2020-q2-update.win32_1.5.0.202011040924/tools/bin/../lib/gcc/arm-none-eabi/9.3.1/thumb/v7e-m+fp/hard/crtbegin.o
                [!provide]                        PROVIDE (__fini_array_end = .)
                0x0000000008002f6c                . = ALIGN (0x4)
                0x0000000008002f6c                _sidata = LOADADDR (.data)

.data           0x0000000020000000       0x14 load address 0x0000000008002f6c
                0x0000000020000000                . = ALIGN (0x4)
                0x0000000020000000                _sdata = .
 *(.data)
 *(.data*)
 .data.buflen   0x0000000020000000        0x4 Core/Src/main.o
                0x0000000020000000                buflen
 .data.nBytesTX
                0x0000000020000004        0x1 Core/Src/stm32f4xx_it.o
                0x0000000020000004                nBytesTX
 *fill*         0x0000000020000005        0x3 
 .data.SystemCoreClock
                0x0000000020000008        0x4 Core/Src/system_stm32f4xx.o
                0x0000000020000008                SystemCoreClock
 .data.uwTickPrio
                0x000000002000000c        0x4 Drivers/STM32F4xx_HAL_Driver/Src/stm32f4xx_hal.o
                0x000000002000000c                uwTickPrio
 .data.uwTickFreq
                0x0000000020000010        0x1 Drivers/STM32F4xx_HAL_Driver/Src/stm32f4xx_hal.o
                0x0000000020000010                uwTickFreq
 *(.RamFunc)
 *(.RamFunc*)
                0x0000000020000014                . = ALIGN (0x4)
 *fill*         0x0000000020000011        0x3 
                0x0000000020000014                _edata = .

.igot.plt       0x0000000020000014        0x0 load address 0x0000000008002f80
 .igot.plt      0x0000000020000014        0x0 c:/st/stm32cubeide_1.6.1/stm32cubeide/plugins/com.st.stm32cube.ide.mcu.externaltools.gnu-tools-for-stm32.9-2020-q2-update.win32_1.5.0.202011040924/tools/bin/../lib/gcc/arm-none-eabi/9.3.1/thumb/v7e-m+fp/hard/crtbegin.o
                0x0000000020000014                . = ALIGN (0x4)

.bss            0x0000000020000014      0x510 load address 0x0000000008002f80
                0x0000000020000014                _sbss = .
                0x0000000020000014                __bss_start__ = _sbss
 *(.bss)
 .bss           0x0000000020000014       0x1c c:/st/stm32cubeide_1.6.1/stm32cubeide/plugins/com.st.stm32cube.ide.mcu.externaltools.gnu-tools-for-stm32.9-2020-q2-update.win32_1.5.0.202011040924/tools/bin/../lib/gcc/arm-none-eabi/9.3.1/thumb/v7e-m+fp/hard/crtbegin.o
 *(.bss*)
 .bss.SPI_TX    0x0000000020000030        0x1 Core/Src/main.o
                0x0000000020000030                SPI_TX
 .bss.DMA_status
                0x0000000020000031        0x1 Core/Src/main.o
                0x0000000020000031                DMA_status
 .bss.MODE      0x0000000020000032        0x1 Core/Src/stm32f4xx_it.o
                0x0000000020000032                MODE
 .bss.idxTX     0x0000000020000033        0x1 Core/Src/stm32f4xx_it.o
                0x0000000020000033                idxTX
 .bss.counter_DRDY.10022
                0x0000000020000034        0x1 Core/Src/stm32f4xx_it.o
 .bss.DUTY_EN.10023
                0x0000000020000035        0x1 Core/Src/stm32f4xx_it.o
 .bss.chto_CP2130.10034
                0x0000000020000036        0x1 Core/Src/stm32f4xx_it.o
 *(COMMON)
 *fill*         0x0000000020000037        0x1 
 COMMON         0x0000000020000038       0xa8 Core/Src/adc.o
                0x0000000020000038                hadc1
                0x0000000020000080                hdma_adc1
 COMMON         0x00000000200000e0      0x3c0 Core/Src/main.o
                0x00000000200000e0                buf1
                0x00000000200001d0                buf2
                0x00000000200002c0                bufDMA
 COMMON         0x00000000200004a0       0x80 Core/Src/stm32f4xx_it.o
                0x00000000200004a0                bufferRX
                0x00000000200004e0                bufferTX
 COMMON         0x0000000020000520        0x4 Drivers/STM32F4xx_HAL_Driver/Src/stm32f4xx_hal.o
                0x0000000020000520                uwTick
                0x0000000020000524                . = ALIGN (0x4)
                0x0000000020000524                _ebss = .
                0x0000000020000524                __bss_end__ = _ebss

._user_heap_stack
                0x0000000020000524      0x604 load address 0x0000000008002f80
                0x0000000020000528                . = ALIGN (0x8)
 *fill*         0x0000000020000524        0x4 
                [!provide]                        PROVIDE (end = .)
                0x0000000020000528                PROVIDE (_end = .)
                0x0000000020000728                . = (. + _Min_Heap_Size)
 *fill*         0x0000000020000528      0x200 
                0x0000000020000b28                . = (. + _Min_Stack_Size)
 *fill*         0x0000000020000728      0x400 
                0x0000000020000b28                . = ALIGN (0x8)

/DISCARD/
 libc.a(*)
 libm.a(*)
 libgcc.a(*)

.ARM.attributes
                0x0000000000000000       0x30
 *(.ARM.attributes)
 .ARM.attributes
                0x0000000000000000       0x1e c:/st/stm32cubeide_1.6.1/stm32cubeide/plugins/com.st.stm32cube.ide.mcu.externaltools.gnu-tools-for-stm32.9-2020-q2-update.win32_1.5.0.202011040924/tools/bin/../lib/gcc/arm-none-eabi/9.3.1/thumb/v7e-m+fp/hard/crti.o
 .ARM.attributes
                0x000000000000001e       0x34 c:/st/stm32cubeide_1.6.1/stm32cubeide/plugins/com.st.stm32cube.ide.mcu.externaltools.gnu-tools-for-stm32.9-2020-q2-update.win32_1.5.0.202011040924/tools/bin/../lib/gcc/arm-none-eabi/9.3.1/thumb/v7e-m+fp/hard/crtbegin.o
 .ARM.attributes
                0x0000000000000052       0x34 Core/Src/adc.o
 .ARM.attributes
                0x0000000000000086       0x34 Core/Src/dma.o
 .ARM.attributes
                0x00000000000000ba       0x34 Core/Src/gpio.o
 .ARM.attributes
                0x00000000000000ee       0x34 Core/Src/main.o
 .ARM.attributes
                0x0000000000000122       0x34 Core/Src/spi.o
 .ARM.attributes
                0x0000000000000156       0x34 Core/Src/stm32f4xx_hal_msp.o
 .ARM.attributes
                0x000000000000018a       0x34 Core/Src/stm32f4xx_it.o
 .ARM.attributes
                0x00000000000001be       0x34 Core/Src/system_stm32f4xx.o
 .ARM.attributes
                0x00000000000001f2       0x21 Core/Startup/startup_stm32f407vgtx.o
 .ARM.attributes
                0x0000000000000213       0x34 Drivers/STM32F4xx_HAL_Driver/Src/stm32f4xx_hal.o
 .ARM.attributes
                0x0000000000000247       0x34 Drivers/STM32F4xx_HAL_Driver/Src/stm32f4xx_hal_adc.o
 .ARM.attributes
                0x000000000000027b       0x34 Drivers/STM32F4xx_HAL_Driver/Src/stm32f4xx_hal_cortex.o
 .ARM.attributes
                0x00000000000002af       0x34 Drivers/STM32F4xx_HAL_Driver/Src/stm32f4xx_hal_dma.o
 .ARM.attributes
                0x00000000000002e3       0x34 Drivers/STM32F4xx_HAL_Driver/Src/stm32f4xx_hal_gpio.o
 .ARM.attributes
                0x0000000000000317       0x34 Drivers/STM32F4xx_HAL_Driver/Src/stm32f4xx_hal_rcc.o
 .ARM.attributes
                0x000000000000034b       0x34 Drivers/STM32F4xx_HAL_Driver/Src/stm32f4xx_ll_gpio.o
 .ARM.attributes
                0x000000000000037f       0x34 Drivers/STM32F4xx_HAL_Driver/Src/stm32f4xx_ll_spi.o
 .ARM.attributes
                0x00000000000003b3       0x34 c:/st/stm32cubeide_1.6.1/stm32cubeide/plugins/com.st.stm32cube.ide.mcu.externaltools.gnu-tools-for-stm32.9-2020-q2-update.win32_1.5.0.202011040924/tools/bin/../lib/gcc/arm-none-eabi/9.3.1/../../../../arm-none-eabi/lib/thumb/v7e-m+fp/hard\libc_nano.a(lib_a-init.o)
 .ARM.attributes
                0x00000000000003e7       0x34 c:/st/stm32cubeide_1.6.1/stm32cubeide/plugins/com.st.stm32cube.ide.mcu.externaltools.gnu-tools-for-stm32.9-2020-q2-update.win32_1.5.0.202011040924/tools/bin/../lib/gcc/arm-none-eabi/9.3.1/../../../../arm-none-eabi/lib/thumb/v7e-m+fp/hard\libc_nano.a(lib_a-memset.o)
 .ARM.attributes
                0x000000000000041b       0x1e c:/st/stm32cubeide_1.6.1/stm32cubeide/plugins/com.st.stm32cube.ide.mcu.externaltools.gnu-tools-for-stm32.9-2020-q2-update.win32_1.5.0.202011040924/tools/bin/../lib/gcc/arm-none-eabi/9.3.1/thumb/v7e-m+fp/hard\libgcc.a(_aeabi_uldivmod.o)
 .ARM.attributes
                0x0000000000000439       0x34 c:/st/stm32cubeide_1.6.1/stm32cubeide/plugins/com.st.stm32cube.ide.mcu.externaltools.gnu-tools-for-stm32.9-2020-q2-update.win32_1.5.0.202011040924/tools/bin/../lib/gcc/arm-none-eabi/9.3.1/thumb/v7e-m+fp/hard\libgcc.a(_udivmoddi4.o)
 .ARM.attributes
                0x000000000000046d       0x1e c:/st/stm32cubeide_1.6.1/stm32cubeide/plugins/com.st.stm32cube.ide.mcu.externaltools.gnu-tools-for-stm32.9-2020-q2-update.win32_1.5.0.202011040924/tools/bin/../lib/gcc/arm-none-eabi/9.3.1/thumb/v7e-m+fp/hard\libgcc.a(_dvmd_tls.o)
 .ARM.attributes
                0x000000000000048b       0x1e c:/st/stm32cubeide_1.6.1/stm32cubeide/plugins/com.st.stm32cube.ide.mcu.externaltools.gnu-tools-for-stm32.9-2020-q2-update.win32_1.5.0.202011040924/tools/bin/../lib/gcc/arm-none-eabi/9.3.1/thumb/v7e-m+fp/hard/crtn.o
OUTPUT(double_buffering.elf elf32-littlearm)
LOAD linker stubs
LOAD c:/st/stm32cubeide_1.6.1/stm32cubeide/plugins/com.st.stm32cube.ide.mcu.externaltools.gnu-tools-for-stm32.9-2020-q2-update.win32_1.5.0.202011040924/tools/bin/../lib/gcc/arm-none-eabi/9.3.1/../../../../arm-none-eabi/lib/thumb/v7e-m+fp/hard\libc.a
LOAD c:/st/stm32cubeide_1.6.1/stm32cubeide/plugins/com.st.stm32cube.ide.mcu.externaltools.gnu-tools-for-stm32.9-2020-q2-update.win32_1.5.0.202011040924/tools/bin/../lib/gcc/arm-none-eabi/9.3.1/../../../../arm-none-eabi/lib/thumb/v7e-m+fp/hard\libm.a
LOAD c:/st/stm32cubeide_1.6.1/stm32cubeide/plugins/com.st.stm32cube.ide.mcu.externaltools.gnu-tools-for-stm32.9-2020-q2-update.win32_1.5.0.202011040924/tools/bin/../lib/gcc/arm-none-eabi/9.3.1/thumb/v7e-m+fp/hard\libgcc.a

.debug_info     0x0000000000000000     0x9463
 .debug_info    0x0000000000000000      0x96c Core/Src/adc.o
 .debug_info    0x000000000000096c      0x5ae Core/Src/dma.o
 .debug_info    0x0000000000000f1a      0x508 Core/Src/gpio.o
 .debug_info    0x0000000000001422      0xdb6 Core/Src/main.o
 .debug_info    0x00000000000021d8      0xc8d Core/Src/spi.o
 .debug_info    0x0000000000002e65      0x3a6 Core/Src/stm32f4xx_hal_msp.o
 .debug_info    0x000000000000320b      0x8cf Core/Src/stm32f4xx_it.o
 .debug_info    0x0000000000003ada      0x5a4 Core/Src/system_stm32f4xx.o
 .debug_info    0x000000000000407e       0x22 Core/Startup/startup_stm32f407vgtx.o
 .debug_info    0x00000000000040a0      0x9b2 Drivers/STM32F4xx_HAL_Driver/Src/stm32f4xx_hal.o
 .debug_info    0x0000000000004a52      0xdbc Drivers/STM32F4xx_HAL_Driver/Src/stm32f4xx_hal_adc.o
 .debug_info    0x000000000000580e      0xed7 Drivers/STM32F4xx_HAL_Driver/Src/stm32f4xx_hal_cortex.o
 .debug_info    0x00000000000066e5      0x9f1 Drivers/STM32F4xx_HAL_Driver/Src/stm32f4xx_hal_dma.o
 .debug_info    0x00000000000070d6      0x83e Drivers/STM32F4xx_HAL_Driver/Src/stm32f4xx_hal_gpio.o
 .debug_info    0x0000000000007914      0x996 Drivers/STM32F4xx_HAL_Driver/Src/stm32f4xx_hal_rcc.o
 .debug_info    0x00000000000082aa      0x91c Drivers/STM32F4xx_HAL_Driver/Src/stm32f4xx_ll_gpio.o
 .debug_info    0x0000000000008bc6      0x89d Drivers/STM32F4xx_HAL_Driver/Src/stm32f4xx_ll_spi.o

.debug_abbrev   0x0000000000000000     0x1fd8
 .debug_abbrev  0x0000000000000000      0x1c3 Core/Src/adc.o
 .debug_abbrev  0x00000000000001c3      0x11b Core/Src/dma.o
 .debug_abbrev  0x00000000000002de      0x181 Core/Src/gpio.o
 .debug_abbrev  0x000000000000045f      0x273 Core/Src/main.o
 .debug_abbrev  0x00000000000006d2      0x1fa Core/Src/spi.o
 .debug_abbrev  0x00000000000008cc      0x11d Core/Src/stm32f4xx_hal_msp.o
 .debug_abbrev  0x00000000000009e9      0x231 Core/Src/stm32f4xx_it.o
 .debug_abbrev  0x0000000000000c1a      0x145 Core/Src/system_stm32f4xx.o
 .debug_abbrev  0x0000000000000d5f       0x12 Core/Startup/startup_stm32f407vgtx.o
 .debug_abbrev  0x0000000000000d71      0x1ed Drivers/STM32F4xx_HAL_Driver/Src/stm32f4xx_hal.o
 .debug_abbrev  0x0000000000000f5e      0x22f Drivers/STM32F4xx_HAL_Driver/Src/stm32f4xx_hal_adc.o
 .debug_abbrev  0x000000000000118d      0x33c Drivers/STM32F4xx_HAL_Driver/Src/stm32f4xx_hal_cortex.o
 .debug_abbrev  0x00000000000014c9      0x259 Drivers/STM32F4xx_HAL_Driver/Src/stm32f4xx_hal_dma.o
 .debug_abbrev  0x0000000000001722      0x1f1 Drivers/STM32F4xx_HAL_Driver/Src/stm32f4xx_hal_gpio.o
 .debug_abbrev  0x0000000000001913      0x275 Drivers/STM32F4xx_HAL_Driver/Src/stm32f4xx_hal_rcc.o
 .debug_abbrev  0x0000000000001b88      0x23b Drivers/STM32F4xx_HAL_Driver/Src/stm32f4xx_ll_gpio.o
 .debug_abbrev  0x0000000000001dc3      0x215 Drivers/STM32F4xx_HAL_Driver/Src/stm32f4xx_ll_spi.o

.debug_aranges  0x0000000000000000      0x7b8
 .debug_aranges
                0x0000000000000000       0x30 Core/Src/adc.o
 .debug_aranges
                0x0000000000000030       0x20 Core/Src/dma.o
 .debug_aranges
                0x0000000000000050       0x30 Core/Src/gpio.o
 .debug_aranges
                0x0000000000000080       0x58 Core/Src/main.o
 .debug_aranges
                0x00000000000000d8       0x58 Core/Src/spi.o
 .debug_aranges
                0x0000000000000130       0x20 Core/Src/stm32f4xx_hal_msp.o
 .debug_aranges
                0x0000000000000150       0xb8 Core/Src/stm32f4xx_it.o
 .debug_aranges
                0x0000000000000208       0x28 Core/Src/system_stm32f4xx.o
 .debug_aranges
                0x0000000000000230       0x28 Core/Startup/startup_stm32f407vgtx.o
 .debug_aranges
                0x0000000000000258       0xf0 Drivers/STM32F4xx_HAL_Driver/Src/stm32f4xx_hal.o
 .debug_aranges
                0x0000000000000348       0xe8 Drivers/STM32F4xx_HAL_Driver/Src/stm32f4xx_hal_adc.o
 .debug_aranges
                0x0000000000000430      0x118 Drivers/STM32F4xx_HAL_Driver/Src/stm32f4xx_hal_cortex.o
 .debug_aranges
                0x0000000000000548       0x90 Drivers/STM32F4xx_HAL_Driver/Src/stm32f4xx_hal_dma.o
 .debug_aranges
                0x00000000000005d8       0x58 Drivers/STM32F4xx_HAL_Driver/Src/stm32f4xx_hal_gpio.o
 .debug_aranges
                0x0000000000000630       0x88 Drivers/STM32F4xx_HAL_Driver/Src/stm32f4xx_hal_rcc.o
 .debug_aranges
                0x00000000000006b8       0x70 Drivers/STM32F4xx_HAL_Driver/Src/stm32f4xx_ll_gpio.o
 .debug_aranges
                0x0000000000000728       0x90 Drivers/STM32F4xx_HAL_Driver/Src/stm32f4xx_ll_spi.o

.debug_ranges   0x0000000000000000      0x6b0
 .debug_ranges  0x0000000000000000       0x20 Core/Src/adc.o
 .debug_ranges  0x0000000000000020       0x10 Core/Src/dma.o
 .debug_ranges  0x0000000000000030       0x20 Core/Src/gpio.o
 .debug_ranges  0x0000000000000050       0x48 Core/Src/main.o
 .debug_ranges  0x0000000000000098       0x48 Core/Src/spi.o
 .debug_ranges  0x00000000000000e0       0x10 Core/Src/stm32f4xx_hal_msp.o
 .debug_ranges  0x00000000000000f0       0xa8 Core/Src/stm32f4xx_it.o
 .debug_ranges  0x0000000000000198       0x18 Core/Src/system_stm32f4xx.o
 .debug_ranges  0x00000000000001b0       0x20 Core/Startup/startup_stm32f407vgtx.o
 .debug_ranges  0x00000000000001d0       0xe0 Drivers/STM32F4xx_HAL_Driver/Src/stm32f4xx_hal.o
 .debug_ranges  0x00000000000002b0       0xd8 Drivers/STM32F4xx_HAL_Driver/Src/stm32f4xx_hal_adc.o
 .debug_ranges  0x0000000000000388      0x108 Drivers/STM32F4xx_HAL_Driver/Src/stm32f4xx_hal_cortex.o
 .debug_ranges  0x0000000000000490       0x80 Drivers/STM32F4xx_HAL_Driver/Src/stm32f4xx_hal_dma.o
 .debug_ranges  0x0000000000000510       0x48 Drivers/STM32F4xx_HAL_Driver/Src/stm32f4xx_hal_gpio.o
 .debug_ranges  0x0000000000000558       0x78 Drivers/STM32F4xx_HAL_Driver/Src/stm32f4xx_hal_rcc.o
 .debug_ranges  0x00000000000005d0       0x60 Drivers/STM32F4xx_HAL_Driver/Src/stm32f4xx_ll_gpio.o
 .debug_ranges  0x0000000000000630       0x80 Drivers/STM32F4xx_HAL_Driver/Src/stm32f4xx_ll_spi.o

.debug_macro    0x0000000000000000    0x22a1e
 .debug_macro   0x0000000000000000      0x24b Core/Src/adc.o
 .debug_macro   0x000000000000024b      0xaae Core/Src/adc.o
 .debug_macro   0x0000000000000cf9      0x295 Core/Src/adc.o
 .debug_macro   0x0000000000000f8e       0x2e Core/Src/adc.o
 .debug_macro   0x0000000000000fbc       0x2f Core/Src/adc.o
 .debug_macro   0x0000000000000feb       0x22 Core/Src/adc.o
 .debug_macro   0x000000000000100d       0x8e Core/Src/adc.o
 .debug_macro   0x000000000000109b       0x51 Core/Src/adc.o
 .debug_macro   0x00000000000010ec      0x103 Core/Src/adc.o
 .debug_macro   0x00000000000011ef       0x6a Core/Src/adc.o
 .debug_macro   0x0000000000001259      0x1df Core/Src/adc.o
 .debug_macro   0x0000000000001438       0x1c Core/Src/adc.o
 .debug_macro   0x0000000000001454       0x22 Core/Src/adc.o
 .debug_macro   0x0000000000001476       0xdf Core/Src/adc.o
 .debug_macro   0x0000000000001555     0x102d Core/Src/adc.o
 .debug_macro   0x0000000000002582      0x11f Core/Src/adc.o
 .debug_macro   0x00000000000026a1    0x15e3c Core/Src/adc.o
 .debug_macro   0x00000000000184dd       0x43 Core/Src/adc.o
 .debug_macro   0x0000000000018520     0x3659 Core/Src/adc.o
 .debug_macro   0x000000000001bb79      0x174 Core/Src/adc.o
 .debug_macro   0x000000000001bced       0x5c Core/Src/adc.o
 .debug_macro   0x000000000001bd49      0x96b Core/Src/adc.o
 .debug_macro   0x000000000001c6b4      0x9fe Core/Src/adc.o
 .debug_macro   0x000000000001d0b2      0x117 Core/Src/adc.o
 .debug_macro   0x000000000001d1c9      0x13e Core/Src/adc.o
 .debug_macro   0x000000000001d307       0x82 Core/Src/adc.o
 .debug_macro   0x000000000001d389      0x174 Core/Src/adc.o
 .debug_macro   0x000000000001d4fd      0x287 Core/Src/adc.o
 .debug_macro   0x000000000001d784       0x5f Core/Src/adc.o
 .debug_macro   0x000000000001d7e3      0x236 Core/Src/adc.o
 .debug_macro   0x000000000001da19      0xb5b Core/Src/adc.o
 .debug_macro   0x000000000001e574      0x38b Core/Src/adc.o
 .debug_macro   0x000000000001e8ff      0x176 Core/Src/adc.o
 .debug_macro   0x000000000001ea75       0xf9 Core/Src/adc.o
 .debug_macro   0x000000000001eb6e      0x12c Core/Src/adc.o
 .debug_macro   0x000000000001ec9a      0x21e Core/Src/adc.o
 .debug_macro   0x000000000001eeb8       0x2e Core/Src/adc.o
 .debug_macro   0x000000000001eee6      0x11a Core/Src/adc.o
 .debug_macro   0x000000000001f000       0x7e Core/Src/adc.o
 .debug_macro   0x000000000001f07e       0x89 Core/Src/adc.o
 .debug_macro   0x000000000001f107      0x12d Core/Src/adc.o
 .debug_macro   0x000000000001f234      0x23c Core/Src/adc.o
 .debug_macro   0x000000000001f470      0x20a Core/Src/adc.o
 .debug_macro   0x000000000001f67a      0x149 Core/Src/adc.o
 .debug_macro   0x000000000001f7c3       0xe8 Core/Src/adc.o
 .debug_macro   0x000000000001f8ab      0x1d5 Core/Src/adc.o
 .debug_macro   0x000000000001fa80      0x1a8 Core/Src/adc.o
 .debug_macro   0x000000000001fc28      0x781 Core/Src/adc.o
 .debug_macro   0x00000000000203a9       0x61 Core/Src/adc.o
 .debug_macro   0x000000000002040a       0xab Core/Src/adc.o
 .debug_macro   0x00000000000204b5      0x1e6 Core/Src/adc.o
 .debug_macro   0x000000000002069b       0x10 Core/Src/adc.o
 .debug_macro   0x00000000000206ab      0x24b Core/Src/dma.o
 .debug_macro   0x00000000000208f6      0x24b Core/Src/gpio.o
 .debug_macro   0x0000000000020b41      0x26d Core/Src/main.o
 .debug_macro   0x0000000000020dae      0x24b Core/Src/spi.o
 .debug_macro   0x0000000000020ff9      0x241 Core/Src/stm32f4xx_hal_msp.o
 .debug_macro   0x000000000002123a      0x24b Core/Src/stm32f4xx_it.o
 .debug_macro   0x0000000000021485      0x1de Core/Src/system_stm32f4xx.o
 .debug_macro   0x0000000000021663      0x238 Drivers/STM32F4xx_HAL_Driver/Src/stm32f4xx_hal.o
 .debug_macro   0x000000000002189b      0x1d9 Drivers/STM32F4xx_HAL_Driver/Src/stm32f4xx_hal_adc.o
 .debug_macro   0x0000000000021a74      0x1d8 Drivers/STM32F4xx_HAL_Driver/Src/stm32f4xx_hal_cortex.o
 .debug_macro   0x0000000000021c4c      0x1de Drivers/STM32F4xx_HAL_Driver/Src/stm32f4xx_hal_dma.o
 .debug_macro   0x0000000000021e2a      0x1de Drivers/STM32F4xx_HAL_Driver/Src/stm32f4xx_hal_gpio.o
 .debug_macro   0x0000000000022008      0x1fc Drivers/STM32F4xx_HAL_Driver/Src/stm32f4xx_hal_rcc.o
 .debug_macro   0x0000000000022204      0x21a Drivers/STM32F4xx_HAL_Driver/Src/stm32f4xx_ll_gpio.o
 .debug_macro   0x000000000002241e      0x143 Drivers/STM32F4xx_HAL_Driver/Src/stm32f4xx_ll_gpio.o
 .debug_macro   0x0000000000022561      0x287 Drivers/STM32F4xx_HAL_Driver/Src/stm32f4xx_ll_spi.o
 .debug_macro   0x00000000000227e8      0x236 Drivers/STM32F4xx_HAL_Driver/Src/stm32f4xx_ll_spi.o

.debug_line     0x0000000000000000     0xa76a
 .debug_line    0x0000000000000000      0x842 Core/Src/adc.o
 .debug_line    0x0000000000000842      0x7a6 Core/Src/dma.o
 .debug_line    0x0000000000000fe8      0x7fd Core/Src/gpio.o
 .debug_line    0x00000000000017e5      0x97f Core/Src/main.o
 .debug_line    0x0000000000002164      0x91b Core/Src/spi.o
 .debug_line    0x0000000000002a7f      0x7ab Core/Src/stm32f4xx_hal_msp.o
 .debug_line    0x000000000000322a      0xa8c Core/Src/stm32f4xx_it.o
 .debug_line    0x0000000000003cb6      0x74c Core/Src/system_stm32f4xx.o
 .debug_line    0x0000000000004402       0x85 Core/Startup/startup_stm32f407vgtx.o
 .debug_line    0x0000000000004487      0x9ac Drivers/STM32F4xx_HAL_Driver/Src/stm32f4xx_hal.o
 .debug_line    0x0000000000004e33     0x1236 Drivers/STM32F4xx_HAL_Driver/Src/stm32f4xx_hal_adc.o
 .debug_line    0x0000000000006069      0xc5b Drivers/STM32F4xx_HAL_Driver/Src/stm32f4xx_hal_cortex.o
 .debug_line    0x0000000000006cc4      0xf15 Drivers/STM32F4xx_HAL_Driver/Src/stm32f4xx_hal_dma.o
 .debug_line    0x0000000000007bd9      0xb24 Drivers/STM32F4xx_HAL_Driver/Src/stm32f4xx_hal_gpio.o
 .debug_line    0x00000000000086fd      0xd28 Drivers/STM32F4xx_HAL_Driver/Src/stm32f4xx_hal_rcc.o
 .debug_line    0x0000000000009425      0x995 Drivers/STM32F4xx_HAL_Driver/Src/stm32f4xx_ll_gpio.o
 .debug_line    0x0000000000009dba      0x9b0 Drivers/STM32F4xx_HAL_Driver/Src/stm32f4xx_ll_spi.o

.debug_str      0x0000000000000000    0xd3966
 .debug_str     0x0000000000000000    0xd05f3 Core/Src/adc.o
                                      0xd0b66 (size before relaxing)
 .debug_str     0x00000000000d05f3      0x4fa Core/Src/dma.o
                                      0xd0be7 (size before relaxing)
 .debug_str     0x00000000000d0aed       0xd2 Core/Src/gpio.o
                                      0xd07bd (size before relaxing)
 .debug_str     0x00000000000d0bbf      0x271 Core/Src/main.o
                                      0xd0dae (size before relaxing)
 .debug_str     0x00000000000d0e30      0x1ba Core/Src/spi.o
                                      0xd0ebb (size before relaxing)
 .debug_str     0x00000000000d0fea       0x2c Core/Src/stm32f4xx_hal_msp.o
                                      0xd06fc (size before relaxing)
 .debug_str     0x00000000000d1016      0x1cd Core/Src/stm32f4xx_it.o
                                      0xd0ab1 (size before relaxing)
 .debug_str     0x00000000000d11e3       0x70 Core/Src/system_stm32f4xx.o
                                      0xc69b2 (size before relaxing)
 .debug_str     0x00000000000d1253       0x82 Core/Startup/startup_stm32f407vgtx.o
 .debug_str     0x00000000000d12d5      0x588 Drivers/STM32F4xx_HAL_Driver/Src/stm32f4xx_hal.o
                                      0xc747f (size before relaxing)
 .debug_str     0x00000000000d185d      0x274 Drivers/STM32F4xx_HAL_Driver/Src/stm32f4xx_hal_adc.o
                                      0xc6f49 (size before relaxing)
 .debug_str     0x00000000000d1ad1      0x2fc Drivers/STM32F4xx_HAL_Driver/Src/stm32f4xx_hal_cortex.o
                                      0xc726e (size before relaxing)
 .debug_str     0x00000000000d1dcd      0x323 Drivers/STM32F4xx_HAL_Driver/Src/stm32f4xx_hal_dma.o
                                      0xc6dc7 (size before relaxing)
 .debug_str     0x00000000000d20f0      0x175 Drivers/STM32F4xx_HAL_Driver/Src/stm32f4xx_hal_gpio.o
                                      0xc6b44 (size before relaxing)
 .debug_str     0x00000000000d2265      0x259 Drivers/STM32F4xx_HAL_Driver/Src/stm32f4xx_hal_rcc.o
                                      0xc6d9f (size before relaxing)
 .debug_str     0x00000000000d24be      0x677 Drivers/STM32F4xx_HAL_Driver/Src/stm32f4xx_ll_gpio.o
                                      0xc83cb (size before relaxing)
 .debug_str     0x00000000000d2b35      0xe31 Drivers/STM32F4xx_HAL_Driver/Src/stm32f4xx_ll_spi.o
                                      0xcd19a (size before relaxing)

.comment        0x0000000000000000       0x53
 .comment       0x0000000000000000       0x53 Core/Src/adc.o
                                         0x54 (size before relaxing)
 .comment       0x0000000000000053       0x54 Core/Src/dma.o
 .comment       0x0000000000000053       0x54 Core/Src/gpio.o
 .comment       0x0000000000000053       0x54 Core/Src/main.o
 .comment       0x0000000000000053       0x54 Core/Src/spi.o
 .comment       0x0000000000000053       0x54 Core/Src/stm32f4xx_hal_msp.o
 .comment       0x0000000000000053       0x54 Core/Src/stm32f4xx_it.o
 .comment       0x0000000000000053       0x54 Core/Src/system_stm32f4xx.o
 .comment       0x0000000000000053       0x54 Drivers/STM32F4xx_HAL_Driver/Src/stm32f4xx_hal.o
 .comment       0x0000000000000053       0x54 Drivers/STM32F4xx_HAL_Driver/Src/stm32f4xx_hal_adc.o
 .comment       0x0000000000000053       0x54 Drivers/STM32F4xx_HAL_Driver/Src/stm32f4xx_hal_cortex.o
 .comment       0x0000000000000053       0x54 Drivers/STM32F4xx_HAL_Driver/Src/stm32f4xx_hal_dma.o
 .comment       0x0000000000000053       0x54 Drivers/STM32F4xx_HAL_Driver/Src/stm32f4xx_hal_gpio.o
 .comment       0x0000000000000053       0x54 Drivers/STM32F4xx_HAL_Driver/Src/stm32f4xx_hal_rcc.o
 .comment       0x0000000000000053       0x54 Drivers/STM32F4xx_HAL_Driver/Src/stm32f4xx_ll_gpio.o
 .comment       0x0000000000000053       0x54 Drivers/STM32F4xx_HAL_Driver/Src/stm32f4xx_ll_spi.o

.debug_frame    0x0000000000000000     0x1d28
 .debug_frame   0x0000000000000000       0x7c Core/Src/adc.o
 .debug_frame   0x000000000000007c       0x34 Core/Src/dma.o
 .debug_frame   0x00000000000000b0       0x84 Core/Src/gpio.o
 .debug_frame   0x0000000000000134      0x128 Core/Src/main.o
 .debug_frame   0x000000000000025c      0x144 Core/Src/spi.o
 .debug_frame   0x00000000000003a0       0x38 Core/Src/stm32f4xx_hal_msp.o
 .debug_frame   0x00000000000003d8      0x2a4 Core/Src/stm32f4xx_it.o
 .debug_frame   0x000000000000067c       0x58 Core/Src/system_stm32f4xx.o
 .debug_frame   0x00000000000006d4      0x374 Drivers/STM32F4xx_HAL_Driver/Src/stm32f4xx_hal.o
 .debug_frame   0x0000000000000a48      0x3fc Drivers/STM32F4xx_HAL_Driver/Src/stm32f4xx_hal_adc.o
 .debug_frame   0x0000000000000e44      0x498 Drivers/STM32F4xx_HAL_Driver/Src/stm32f4xx_hal_cortex.o
 .debug_frame   0x00000000000012dc      0x250 Drivers/STM32F4xx_HAL_Driver/Src/stm32f4xx_hal_dma.o
 .debug_frame   0x000000000000152c      0x14c Drivers/STM32F4xx_HAL_Driver/Src/stm32f4xx_hal_gpio.o
 .debug_frame   0x0000000000001678      0x1f0 Drivers/STM32F4xx_HAL_Driver/Src/stm32f4xx_hal_rcc.o
 .debug_frame   0x0000000000001868      0x1c0 Drivers/STM32F4xx_HAL_Driver/Src/stm32f4xx_ll_gpio.o
 .debug_frame   0x0000000000001a28      0x254 Drivers/STM32F4xx_HAL_Driver/Src/stm32f4xx_ll_spi.o
 .debug_frame   0x0000000000001c7c       0x2c c:/st/stm32cubeide_1.6.1/stm32cubeide/plugins/com.st.stm32cube.ide.mcu.externaltools.gnu-tools-for-stm32.9-2020-q2-update.win32_1.5.0.202011040924/tools/bin/../lib/gcc/arm-none-eabi/9.3.1/../../../../arm-none-eabi/lib/thumb/v7e-m+fp/hard\libc_nano.a(lib_a-init.o)
 .debug_frame   0x0000000000001ca8       0x20 c:/st/stm32cubeide_1.6.1/stm32cubeide/plugins/com.st.stm32cube.ide.mcu.externaltools.gnu-tools-for-stm32.9-2020-q2-update.win32_1.5.0.202011040924/tools/bin/../lib/gcc/arm-none-eabi/9.3.1/../../../../arm-none-eabi/lib/thumb/v7e-m+fp/hard\libc_nano.a(lib_a-memset.o)
 .debug_frame   0x0000000000001cc8       0x2c c:/st/stm32cubeide_1.6.1/stm32cubeide/plugins/com.st.stm32cube.ide.mcu.externaltools.gnu-tools-for-stm32.9-2020-q2-update.win32_1.5.0.202011040924/tools/bin/../lib/gcc/arm-none-eabi/9.3.1/thumb/v7e-m+fp/hard\libgcc.a(_aeabi_uldivmod.o)
 .debug_frame   0x0000000000001cf4       0x34 c:/st/stm32cubeide_1.6.1/stm32cubeide/plugins/com.st.stm32cube.ide.mcu.externaltools.gnu-tools-for-stm32.9-2020-q2-update.win32_1.5.0.202011040924/tools/bin/../lib/gcc/arm-none-eabi/9.3.1/thumb/v7e-m+fp/hard\libgcc.a(_udivmoddi4.o)
