stm32f4xx_ll_spi.h:732:26:LL_SPI_IsActiveFlag_RXNE	16	static
stm32f4xx_ll_spi.h:743:26:LL_SPI_IsActiveFlag_TXE	16	static
stm32f4xx_ll_spi.h:894:22:LL_SPI_EnableIT_RXNE	16	static
stm32f4xx_ll_spi.h:905:22:LL_SPI_EnableIT_TXE	16	static
stm32f4xx_ll_spi.h:928:22:LL_SPI_DisableIT_RXNE	16	static
stm32f4xx_ll_spi.h:939:22:LL_SPI_DisableIT_TXE	16	static
stm32f4xx_ll_spi.h:972:26:LL_SPI_IsEnabledIT_TXE	16	static
stm32f4xx_ll_spi.h:1076:25:LL_SPI_ReceiveData8	16	static
stm32f4xx_ll_spi.h:1099:22:LL_SPI_TransmitData8	24	static
stm32f4xx_it.c:86:6:NMI_Handler	4	static
stm32f4xx_it.c:101:6:HardFault_Handler	4	static
stm32f4xx_it.c:116:6:MemManage_Handler	4	static
stm32f4xx_it.c:131:6:BusFault_Handler	4	static
stm32f4xx_it.c:146:6:UsageFault_Handler	4	static
stm32f4xx_it.c:161:6:SVC_Handler	4	static
stm32f4xx_it.c:174:6:DebugMon_Handler	4	static
stm32f4xx_it.c:187:6:PendSV_Handler	4	static
stm32f4xx_it.c:200:6:SysTick_Handler	8	static
stm32f4xx_it.c:285:6:SPI2_IRQHandler	8	static
