14:21:44 **** Incremental Build of configuration Debug for project double_buffering ****
make -j8 all 
arm-none-eabi-gcc "../Core/Src/stm32f4xx_it.c" -mcpu=cortex-m4 -std=gnu11 -g3 -DUSE_FULL_LL_DRIVER -DDEBUG -DSTM32F407xx -DUSE_HAL_DRIVER -c -I../Core/Inc -I../Drivers/STM32F4xx_HAL_Driver/Inc -I../Drivers/CMSIS/Device/ST/STM32F4xx/Include -I../Drivers/CMSIS/Include -I../Drivers/STM32F4xx_HAL_Driver/Inc/Legacy -O0 -ffunction-sections -fdata-sections -Wall -fstack-usage -MMD -MP -MF"Core/Src/stm32f4xx_it.d" -MT"Core/Src/stm32f4xx_it.o" --specs=nano.specs -mfpu=fpv4-sp-d16 -mfloat-abi=hard -mthumb -o "Core/Src/stm32f4xx_it.o"
../Core/Src/stm32f4xx_it.c: In function 'SysTick_Handler':
../Core/Src/stm32f4xx_it.c:205:20: warning: unused variable 'DUTY_EN' [-Wunused-variable]
  205 |     static uint8_t DUTY_EN = 0; // a flag, not a counter
      |                    ^~~~~~~
At top level:
../Core/Src/stm32f4xx_it.c:205:20: warning: 'DUTY_EN' defined but not used [-Wunused-variable]
arm-none-eabi-gcc -o "double_buffering.elf" @"objects.list"   -mcpu=cortex-m4 -T"C:\Users\Utente\STM32CubeIDE\workspace_1.6.1\double_buffering\STM32F407VGTX_FLASH.ld" --specs=nosys.specs -Wl,-Map="double_buffering.map" -Wl,--gc-sections -static --specs=nano.specs -mfpu=fpv4-sp-d16 -mfloat-abi=hard -mthumb -Wl,--start-group -lc -lm -Wl,--end-group
Finished building target: double_buffering.elf
 
arm-none-eabi-objdump -h -S  double_buffering.elf  > "double_buffering.list"
arm-none-eabi-objcopy  -O binary  double_buffering.elf  "double_buffering.bin"
arm-none-eabi-size   double_buffering.elf 
   text	   data	    bss	    dec	    hex	filename
   7608	     24	   1840	   9472	   2500	double_buffering.elf
Finished building: default.size.stdout
 
Finished building: double_buffering.bin
Finished building: double_buffering.list
 
 

14:21:46 Build Finished. 0 errors, 2 warnings. (took 1s.378ms)

