14:33:11 **** Incremental Build of configuration Debug for project template_discovery_slave ****
make -j8 all 
arm-none-eabi-gcc -o "template_discovery_slave.elf" @"objects.list"   -mcpu=cortex-m4 -T"C:\Users\Utente\STM32CubeIDE\workspace_1.6.1\template_discovery_slave\STM32F407VGTX_FLASH.ld" --specs=nosys.specs -Wl,-Map="template_discovery_slave.map" -Wl,--gc-sections -static --specs=nano.specs -mfpu=fpv4-sp-d16 -mfloat-abi=hard -mthumb -Wl,--start-group -lc -lm -Wl,--end-group
Finished building target: template_discovery_slave.elf
 
arm-none-eabi-objdump -h -S  template_discovery_slave.elf  > "template_discovery_slave.list"
arm-none-eabi-objcopy  -O binary  template_discovery_slave.elf  "template_discovery_slave.bin"
arm-none-eabi-size   template_discovery_slave.elf 
   text	   data	    bss	    dec	    hex	filename
   7576	     24	   1704	   9304	   2458	template_discovery_slave.elf
Finished building: default.size.stdout
 
Finished building: template_discovery_slave.bin
Finished building: template_discovery_slave.list
 
 

14:33:12 Build Finished. 0 errors, 0 warnings. (took 770ms)

14:33:36 **** Incremental Build of configuration Debug for project template_discovery_slave ****
make -j8 all 
arm-none-eabi-size   template_discovery_slave.elf 
   text	   data	    bss	    dec	    hex	filename
   7576	     24	   1704	   9304	   2458	template_discovery_slave.elf
Finished building: default.size.stdout
 
